2025-06-22 19:27:35,515 [INFO] TamGenRL initialized on device: cuda:0
2025-06-22 19:27:35,516 [INFO] Detected latent dimension: 256
2025-06-22 19:27:37,305 [INFO] 🚀 Starting TamGenRL feedback loop optimization
2025-06-22 19:27:37,306 [INFO]    Target: 1000 molecules × 10 iterations
2025-06-22 19:27:37,306 [INFO]    Device: cuda:0, Batch size: 4
2025-06-22 19:27:37,306 [INFO] 
🔄 Iteration 1/10 (α=0.400)
2025-06-22 19:27:37,306 [INFO] 🌱 Generating initial molecules with TamGen...
2025-06-22 19:27:37,361 [INFO] 📦 Stored protein input: torch.Size([1, 83])
2025-06-22 19:27:43,220 [INFO]    ✓ Generated 20 initial molecules
2025-06-22 19:27:43,221 [INFO]    ✓ Diversity: 5/20 (25.00%)
2025-06-22 19:27:43,221 [WARNING] Low diversity detected (25.00% < 70.00%)
2025-06-22 19:27:43,221 [INFO] 📊 Optimizing latent space...
2025-06-22 19:27:43,784 [INFO] 🔍 Injection quality check - Iteration 0
2025-06-22 19:27:43,785 [INFO] 🔧 Running comprehensive injection debug...
2025-06-22 19:27:43,785 [INFO] 🔍 Checking architecture assumptions...
2025-06-22 19:27:43,787 [INFO]    Encoder output keys: ['encoder_out', 'encoder_padding_mask', 'latent_mean', 'latent_logstd']
2025-06-22 19:27:43,787 [INFO]    Encoder output shape: torch.Size([83, 1, 256])
2025-06-22 19:27:43,787 [INFO]    Concat mode: NOT_SET
2025-06-22 19:27:43,787 [INFO]    Detected latent dim: 256
2025-06-22 19:27:43,787 [INFO]    Expected encoder dim: NOT_SET
2025-06-22 19:27:43,787 [INFO]    ✅ VAE encoder found
2025-06-22 19:27:43,787 [INFO]    ✅ Latent mean attribute found
2025-06-22 19:27:43,788 [INFO]    gen_vae setting: True
2025-06-22 19:27:43,788 [INFO]    Model gen_vae: True
2025-06-22 19:27:43,788 [INFO] 🔍 Testing injection identity...
2025-06-22 19:27:43,788 [INFO] 🌱 Generating initial molecules with TamGen...
2025-06-22 19:27:44,621 [INFO]    ✓ Generated 3 initial molecules
2025-06-22 19:27:44,621 [INFO]    ✓ Diversity: 3/3 (100.00%)
2025-06-22 19:27:44,840 [INFO]    Generation 1: NS(=O)(=O)c1c(F)c(F)c(N[C@]23C[C@H]4C[C@H](C[C@H](C4)C2)C3)c(F)c1F
2025-06-22 19:27:45,058 [INFO]    Generation 2: NS(=O)(=O)c1c(F)c(F)c(N[C@]23C[C@H]4C[C@H](C[C@H](C4)C2)C3)c(F)c1F
2025-06-22 19:27:45,273 [INFO]    Generation 3: NS(=O)(=O)c1c(F)c(F)c(N[C@]23C[C@H]4C[C@H](C[C@H](C4)C2)C3)c(F)c1F
2025-06-22 19:27:45,488 [INFO]    Generation 4: NS(=O)(=O)c1c(F)c(F)c(N[C@]23C[C@H]4C[C@H](C[C@H](C4)C2)C3)c(F)c1F
2025-06-22 19:27:45,703 [INFO]    Generation 5: NS(=O)(=O)c1c(F)c(F)c(N[C@]23C[C@H]4C[C@H](C[C@H](C4)C2)C3)c(F)c1F
2025-06-22 19:27:45,704 [INFO]    ✅ PERFECT: All generations identical - injection working!
2025-06-22 19:27:45,704 [INFO] 🔍 Testing encoder override mechanism...
2025-06-22 19:27:46,121 [INFO]    Normal:   CCc1[nH]c(=N)[nH]c(=N)c1C#CCc1cc(OC)cc(-c2ccncc2)c1
2025-06-22 19:27:46,122 [INFO]    Override: CC[C@@H]1[C@@H]2[C@H](C(=O)N1Cc1ccc3c(c1)OCO3)[C@H](c1ccc(C(=N)N)cc1)N1CCC[C@@H]21
2025-06-22 19:27:46,122 [INFO]    ✅ GOOD: Override working - different outputs
2025-06-22 19:27:49,020 [INFO]    Small perturbation similarity: 0.748
2025-06-22 19:27:49,021 [INFO]    Large perturbation similarity: 0.311
2025-06-22 19:27:49,021 [INFO]    Identity similarity: 0.725
2025-06-22 19:27:49,021 [INFO]    Protein preservation score: 1.000
2025-06-22 19:27:49,022 [INFO]    Valid molecules ratio: 1.000
2025-06-22 19:27:49,022 [WARNING] ⚠️ Injection health issue detected: unhealthy: poor_reproducibility
2025-06-22 19:27:49,022 [INFO] 🔍 Testing injection identity...
2025-06-22 19:27:49,022 [INFO] 🌱 Generating initial molecules with TamGen...
2025-06-22 19:27:49,871 [INFO]    ✓ Generated 3 initial molecules
2025-06-22 19:27:49,872 [INFO]    ✓ Diversity: 3/3 (100.00%)
2025-06-22 19:27:50,090 [INFO]    Generation 1: NS(=O)(=O)c1c(F)c(F)c(N[C@]23C[C@H]4C[C@H](C[C@H](C4)C2)C3)c(F)c1F
2025-06-22 19:27:50,310 [INFO]    Generation 2: NS(=O)(=O)c1c(F)c(F)c(N[C@]23C[C@H]4C[C@H](C[C@H](C4)C2)C3)c(F)c1F
2025-06-22 19:27:50,526 [INFO]    Generation 3: NS(=O)(=O)c1c(F)c(F)c(N[C@]23C[C@H]4C[C@H](C[C@H](C4)C2)C3)c(F)c1F
2025-06-22 19:27:50,742 [INFO]    Generation 4: NS(=O)(=O)c1c(F)c(F)c(N[C@]23C[C@H]4C[C@H](C[C@H](C4)C2)C3)c(F)c1F
2025-06-22 19:27:50,957 [INFO]    Generation 5: NS(=O)(=O)c1c(F)c(F)c(N[C@]23C[C@H]4C[C@H](C[C@H](C4)C2)C3)c(F)c1F
2025-06-22 19:27:50,957 [INFO]    ✅ PERFECT: All generations identical - injection working!
2025-06-22 19:27:51,176 [INFO]    Reward direction test: positive_gradient
2025-06-22 19:27:51,178 [INFO]    ✓ Saved results for iteration 1
2025-06-22 19:27:51,178 [INFO]    ✓ Generated 20 molecules
2025-06-22 19:27:51,178 [INFO]    ✓ Diversity: 5/20 (25.00%)
2025-06-22 19:27:51,179 [INFO]    ✓ Reward: μ=1.892, σ=0.644, max=2.573
2025-06-22 19:27:51,179 [INFO]    ✓ Time: 13.9s
2025-06-22 19:27:51,179 [INFO] 
🔄 Iteration 2/10 (α=0.369)
2025-06-22 19:27:51,179 [INFO] 🔄 Generating from 20 latent vectors...
2025-06-22 19:27:52,898 [INFO]    ✓ Generated 20/20 valid SMILES
2025-06-22 19:27:52,898 [INFO] 📊 Optimizing latent space...
2025-06-22 19:27:53,223 [INFO]    ✓ Saved results for iteration 2
2025-06-22 19:27:53,224 [INFO]    ✓ Generated 20 molecules
2025-06-22 19:27:53,224 [INFO]    ✓ Diversity: 5/20 (25.00%)
2025-06-22 19:27:53,224 [INFO]    ✓ Reward: μ=2.467, σ=0.480, max=3.027
2025-06-22 19:27:53,225 [INFO]    ✓ Time: 2.0s
2025-06-22 19:27:53,225 [INFO] 
🔄 Iteration 3/10 (α=0.338)
2025-06-22 19:27:53,225 [INFO] 🔄 Generating from 20 latent vectors...
2025-06-22 19:27:54,922 [INFO]    ✓ Generated 20/20 valid SMILES
2025-06-22 19:27:54,923 [INFO] 📊 Optimizing latent space...
2025-06-22 19:27:55,251 [INFO]    ✓ Saved results for iteration 3
2025-06-22 19:27:55,251 [INFO]    ✓ Generated 20 molecules
2025-06-22 19:27:55,252 [INFO]    ✓ Diversity: 5/20 (25.00%)
2025-06-22 19:27:55,252 [INFO]    ✓ Reward: μ=2.463, σ=0.593, max=3.027
2025-06-22 19:27:55,252 [INFO]    ✓ Time: 2.0s
2025-06-22 19:27:55,252 [INFO] 
🔄 Iteration 4/10 (α=0.307)
2025-06-22 19:27:55,252 [INFO] 🔄 Generating from 20 latent vectors...
2025-06-22 19:27:56,939 [INFO]    ✓ Generated 20/20 valid SMILES
2025-06-22 19:27:56,940 [INFO] 📊 Optimizing latent space...
2025-06-22 19:27:57,269 [INFO] 🔍 Injection quality check - Iteration 3
2025-06-22 19:28:00,286 [INFO]    Small perturbation similarity: 0.854
2025-06-22 19:28:00,286 [INFO]    Large perturbation similarity: 0.580
2025-06-22 19:28:00,287 [INFO]    Identity similarity: 0.580
2025-06-22 19:28:00,287 [INFO]    Protein preservation score: 1.000
2025-06-22 19:28:00,287 [INFO]    Valid molecules ratio: 1.000
2025-06-22 19:28:00,287 [WARNING] ⚠️ Injection health issue detected: unhealthy: poor_reproducibility, insufficient_sensitivity
2025-06-22 19:28:00,287 [INFO] 🔍 Testing injection identity...
2025-06-22 19:28:00,287 [INFO] 🌱 Generating initial molecules with TamGen...
2025-06-22 19:28:01,124 [INFO]    ✓ Generated 3 initial molecules
2025-06-22 19:28:01,125 [INFO]    ✓ Diversity: 3/3 (100.00%)
2025-06-22 19:28:01,343 [INFO]    Generation 1: NS(=O)(=O)c1c(F)c(F)c(N[C@]23C[C@H]4C[C@H](C[C@H](C4)C2)C3)c(F)c1F
2025-06-22 19:28:01,557 [INFO]    Generation 2: NS(=O)(=O)c1c(F)c(F)c(N[C@]23C[C@H]4C[C@H](C[C@H](C4)C2)C3)c(F)c1F
2025-06-22 19:28:01,772 [INFO]    Generation 3: NS(=O)(=O)c1c(F)c(F)c(N[C@]23C[C@H]4C[C@H](C[C@H](C4)C2)C3)c(F)c1F
2025-06-22 19:28:01,987 [INFO]    Generation 4: NS(=O)(=O)c1c(F)c(F)c(N[C@]23C[C@H]4C[C@H](C[C@H](C4)C2)C3)c(F)c1F
2025-06-22 19:28:02,202 [INFO]    Generation 5: NS(=O)(=O)c1c(F)c(F)c(N[C@]23C[C@H]4C[C@H](C[C@H](C4)C2)C3)c(F)c1F
2025-06-22 19:28:02,202 [INFO]    ✅ PERFECT: All generations identical - injection working!
2025-06-22 19:28:02,434 [INFO]    Reward direction test: positive_gradient
2025-06-22 19:28:02,435 [INFO]    ✓ Saved results for iteration 4
2025-06-22 19:28:02,435 [INFO]    ✓ Generated 20 molecules
2025-06-22 19:28:02,435 [INFO]    ✓ Diversity: 5/20 (25.00%)
2025-06-22 19:28:02,436 [INFO]    ✓ Reward: μ=2.660, σ=0.490, max=3.027
2025-06-22 19:28:02,436 [INFO]    ✓ Time: 7.2s
2025-06-22 19:28:02,436 [INFO] 
🔄 Iteration 5/10 (α=0.276)
2025-06-22 19:28:02,436 [INFO] 🔄 Generating from 20 latent vectors...
2025-06-22 19:28:04,159 [INFO]    ✓ Generated 20/20 valid SMILES
2025-06-22 19:28:04,159 [INFO] 📊 Optimizing latent space...
2025-06-22 19:28:04,577 [INFO]    ✓ Saved results for iteration 5
2025-06-22 19:28:04,578 [INFO]    ✓ Generated 20 molecules
2025-06-22 19:28:04,578 [INFO]    ✓ Diversity: 3/20 (15.00%)
2025-06-22 19:28:04,578 [INFO]    ✓ Reward: μ=2.618, σ=0.565, max=3.090
2025-06-22 19:28:04,578 [INFO]    ✓ Time: 2.1s
2025-06-22 19:28:04,578 [INFO] 
🔄 Iteration 6/10 (α=0.244)
2025-06-22 19:28:04,579 [INFO] 🔄 Generating from 20 latent vectors...
2025-06-22 19:28:06,244 [INFO]    ✓ Generated 20/20 valid SMILES
2025-06-22 19:28:06,245 [INFO] 📊 Optimizing latent space...
2025-06-22 19:28:06,586 [INFO]    ✓ Saved results for iteration 6
2025-06-22 19:28:06,587 [INFO]    ✓ Generated 20 molecules
2025-06-22 19:28:06,587 [INFO]    ✓ Diversity: 3/20 (15.00%)
2025-06-22 19:28:06,587 [INFO]    ✓ Reward: μ=2.783, σ=0.478, max=3.127
2025-06-22 19:28:06,587 [INFO]    ✓ Time: 2.0s
2025-06-22 19:28:06,587 [INFO] 
🔄 Iteration 7/10 (α=0.213)
2025-06-22 19:28:06,587 [INFO] 🔄 Generating from 20 latent vectors...
2025-06-22 19:28:08,158 [INFO]    ✓ Generated 20/20 valid SMILES
2025-06-22 19:28:08,158 [INFO] 📊 Optimizing latent space...
2025-06-22 19:28:08,456 [INFO] 🔍 Injection quality check - Iteration 6
2025-06-22 19:28:11,178 [INFO]    Small perturbation similarity: 0.726
2025-06-22 19:28:11,179 [INFO]    Large perturbation similarity: 0.726
2025-06-22 19:28:11,179 [INFO]    Identity similarity: 0.726
2025-06-22 19:28:11,179 [INFO]    Protein preservation score: 1.000
2025-06-22 19:28:11,180 [INFO]    Valid molecules ratio: 1.000
2025-06-22 19:28:11,180 [WARNING] ⚠️ Injection health issue detected: unhealthy: poor_reproducibility, perturbation_scaling_broken
2025-06-22 19:28:11,180 [INFO] 🔍 Testing injection identity...
2025-06-22 19:28:11,180 [INFO] 🌱 Generating initial molecules with TamGen...
2025-06-22 19:28:12,029 [INFO]    ✓ Generated 3 initial molecules
2025-06-22 19:28:12,029 [INFO]    ✓ Diversity: 3/3 (100.00%)
2025-06-22 19:28:12,248 [INFO]    Generation 1: NS(=O)(=O)c1c(F)c(F)c(N[C@]23C[C@H]4C[C@H](C[C@H](C4)C2)C3)c(F)c1F
2025-06-22 19:28:12,465 [INFO]    Generation 2: NS(=O)(=O)c1c(F)c(F)c(N[C@]23C[C@H]4C[C@H](C[C@H](C4)C2)C3)c(F)c1F
2025-06-22 19:28:12,681 [INFO]    Generation 3: NS(=O)(=O)c1c(F)c(F)c(N[C@]23C[C@H]4C[C@H](C[C@H](C4)C2)C3)c(F)c1F
2025-06-22 19:28:12,896 [INFO]    Generation 4: NS(=O)(=O)c1c(F)c(F)c(N[C@]23C[C@H]4C[C@H](C[C@H](C4)C2)C3)c(F)c1F
2025-06-22 19:28:13,112 [INFO]    Generation 5: NS(=O)(=O)c1c(F)c(F)c(N[C@]23C[C@H]4C[C@H](C[C@H](C4)C2)C3)c(F)c1F
2025-06-22 19:28:13,113 [INFO]    ✅ PERFECT: All generations identical - injection working!
2025-06-22 19:28:13,113 [INFO] 🔍 Debugging perturbation scaling...
2025-06-22 19:28:13,267 [INFO]    Base molecule: C[C@]12CCc3c(ccc4cc(O)ccc34)[C@@H]1CCC2=O
2025-06-22 19:28:13,420 [INFO]    Scale 0.00: Similarity 1.000 - C[C@]12CCc3c(ccc4cc(O)ccc34)[C@@H]1CCC2=O
2025-06-22 19:28:13,580 [INFO]    Scale 0.01: Similarity 1.000 - C[C@]12CCc3c(ccc4cc(O)ccc34)[C@@H]1CCC2=O
2025-06-22 19:28:13,749 [INFO]    Scale 0.05: Similarity 1.000 - C[C@]12CCc3c(ccc4cc(O)ccc34)[C@@H]1CCC2=O
2025-06-22 19:28:13,918 [INFO]    Scale 0.10: Similarity 1.000 - C[C@]12CCc3c(ccc4cc(O)ccc34)[C@@H]1CCC2=O
2025-06-22 19:28:14,080 [INFO]    Scale 0.20: Similarity 1.000 - C[C@]12CCc3c(ccc4cc(O)ccc34)[C@@H]1CCC2=O
2025-06-22 19:28:14,234 [INFO]    Scale 0.50: Similarity 0.240 - CN(C)CCOc1ccc(/C=C2/C(O)=Nc3ccccc32)cc1
2025-06-22 19:28:14,235 [INFO]    ✅ Perturbation scaling working correctly
2025-06-22 19:28:14,392 [INFO]    Reward direction test: positive_gradient
2025-06-22 19:28:14,394 [INFO]    ✓ Saved results for iteration 7
2025-06-22 19:28:14,394 [INFO]    ✓ Generated 20 molecules
2025-06-22 19:28:14,394 [INFO]    ✓ Diversity: 2/20 (10.00%)
2025-06-22 19:28:14,394 [INFO]    ✓ Reward: μ=2.913, σ=0.360, max=3.127
2025-06-22 19:28:14,394 [INFO]    ✓ Time: 7.8s
2025-06-22 19:28:14,394 [INFO] 
🔄 Iteration 8/10 (α=0.182)
2025-06-22 19:28:14,395 [INFO] 🔄 Generating from 20 latent vectors...
2025-06-22 19:28:15,887 [INFO]    ✓ Generated 20/20 valid SMILES
2025-06-22 19:28:15,887 [INFO] 📊 Optimizing latent space...
2025-06-22 19:28:16,155 [INFO]    ✓ Saved results for iteration 8
2025-06-22 19:28:16,155 [INFO]    ✓ Generated 20 molecules
2025-06-22 19:28:16,155 [INFO]    ✓ Diversity: 3/20 (15.00%)
2025-06-22 19:28:16,156 [INFO]    ✓ Reward: μ=2.950, σ=0.254, max=3.027
2025-06-22 19:28:16,156 [INFO]    ✓ Time: 1.8s
2025-06-22 19:28:16,156 [INFO] 
🔄 Iteration 9/10 (α=0.151)
2025-06-22 19:28:16,156 [INFO] 🔄 Generating from 20 latent vectors...
2025-06-22 19:28:17,656 [INFO]    ✓ Generated 20/20 valid SMILES
2025-06-22 19:28:17,657 [INFO] 📊 Optimizing latent space...
2025-06-22 19:28:17,902 [INFO]    ✓ Saved results for iteration 9
2025-06-22 19:28:17,902 [INFO]    ✓ Generated 20 molecules
2025-06-22 19:28:17,902 [INFO]    ✓ Diversity: 9/20 (45.00%)
2025-06-22 19:28:17,902 [INFO]    ✓ Reward: μ=2.869, σ=0.354, max=3.448
2025-06-22 19:28:17,903 [INFO]    ✓ Time: 1.7s
2025-06-22 19:28:17,903 [INFO] 
🔄 Iteration 10/10 (α=0.120)
2025-06-22 19:28:17,903 [INFO] 🔄 Generating from 20 latent vectors...
2025-06-22 19:28:19,494 [INFO]    ✓ Generated 20/20 valid SMILES
2025-06-22 19:28:19,495 [INFO] 📊 Optimizing latent space...
2025-06-22 19:28:19,744 [INFO] 🔍 Injection quality check - Iteration 9
2025-06-22 19:28:22,822 [INFO]    Small perturbation similarity: 0.571
2025-06-22 19:28:22,823 [INFO]    Large perturbation similarity: 0.457
2025-06-22 19:28:22,823 [INFO]    Identity similarity: 0.622
2025-06-22 19:28:22,823 [INFO]    Protein preservation score: 1.000
2025-06-22 19:28:22,824 [INFO]    Valid molecules ratio: 1.000
2025-06-22 19:28:22,824 [WARNING] ⚠️ Injection health issue detected: unhealthy: poor_reproducibility
2025-06-22 19:28:22,824 [INFO] 🔍 Testing injection identity...
2025-06-22 19:28:22,824 [INFO] 🌱 Generating initial molecules with TamGen...
2025-06-22 19:28:23,660 [INFO]    ✓ Generated 3 initial molecules
2025-06-22 19:28:23,660 [INFO]    ✓ Diversity: 3/3 (100.00%)
2025-06-22 19:28:23,878 [INFO]    Generation 1: NS(=O)(=O)c1c(F)c(F)c(N[C@]23C[C@H]4C[C@H](C[C@H](C4)C2)C3)c(F)c1F
2025-06-22 19:28:24,095 [INFO]    Generation 2: NS(=O)(=O)c1c(F)c(F)c(N[C@]23C[C@H]4C[C@H](C[C@H](C4)C2)C3)c(F)c1F
2025-06-22 19:28:24,311 [INFO]    Generation 3: NS(=O)(=O)c1c(F)c(F)c(N[C@]23C[C@H]4C[C@H](C[C@H](C4)C2)C3)c(F)c1F
2025-06-22 19:28:24,526 [INFO]    Generation 4: NS(=O)(=O)c1c(F)c(F)c(N[C@]23C[C@H]4C[C@H](C[C@H](C4)C2)C3)c(F)c1F
2025-06-22 19:28:24,741 [INFO]    Generation 5: NS(=O)(=O)c1c(F)c(F)c(N[C@]23C[C@H]4C[C@H](C[C@H](C4)C2)C3)c(F)c1F
2025-06-22 19:28:24,742 [INFO]    ✅ PERFECT: All generations identical - injection working!
2025-06-22 19:28:24,972 [INFO]    Reward direction test: negative_gradient
2025-06-22 19:28:24,974 [INFO]    ✓ Saved results for iteration 10
2025-06-22 19:28:24,974 [INFO]    ✓ Generated 20 molecules
2025-06-22 19:28:24,975 [INFO]    ✓ Diversity: 15/20 (75.00%)
2025-06-22 19:28:24,975 [INFO]    ✓ Reward: μ=2.500, σ=0.765, max=3.396
2025-06-22 19:28:24,975 [INFO]    ✓ Time: 7.1s
2025-06-22 19:28:24,975 [INFO] 
📈 Final Optimization Summary:
2025-06-22 19:28:24,975 [INFO]    Iteration | Molecules | Unique | Mean Reward | Max Reward | Time
2025-06-22 19:28:24,976 [INFO]    ---------|-----------|--------|-------------|------------|-----
2025-06-22 19:28:24,976 [INFO]           1 |        20 |      5 |       1.892 |      2.573 | 13.9s
2025-06-22 19:28:24,976 [INFO]           2 |        20 |      5 |       2.467 |      3.027 |  2.0s
2025-06-22 19:28:24,976 [INFO]           3 |        20 |      5 |       2.463 |      3.027 |  2.0s
2025-06-22 19:28:24,976 [INFO]           4 |        20 |      5 |       2.660 |      3.027 |  7.2s
2025-06-22 19:28:24,976 [INFO]           5 |        20 |      3 |       2.618 |      3.090 |  2.1s
2025-06-22 19:28:24,976 [INFO]           6 |        20 |      3 |       2.783 |      3.127 |  2.0s
2025-06-22 19:28:24,976 [INFO]           7 |        20 |      2 |       2.913 |      3.127 |  7.8s
2025-06-22 19:28:24,976 [INFO]           8 |        20 |      3 |       2.950 |      3.027 |  1.8s
2025-06-22 19:28:24,977 [INFO]           9 |        20 |      9 |       2.869 |      3.448 |  1.7s
2025-06-22 19:28:24,977 [INFO]          10 |        20 |     15 |       2.500 |      3.396 |  7.1s
2025-06-22 19:28:24,977 [INFO] 
   💡 Reward improvement: +0.608
2025-06-22 19:28:24,977 [INFO]    🎯 Final diversity: 75.00%
2025-06-22 19:28:24,977 [INFO]    ⏱️  Total time: 47.7s
2025-06-22 19:28:24,977 [INFO] 🎉 TamGenRL optimization complete!
